// Jest Snapshot v1, https://goo.gl/fbAQLP

exports[`ComposeButton Component Should render without errors 1`] = `
<div
  className="box-1-inbox"
>
  <Link
    to="/compose"
  >
    <button>
       
      <i
        className="fas fa-pen-square"
      />
    </button>
  </Link>
</div>
`;
