// Jest Snapshot v1, https://goo.gl/fbAQLP

exports[`Button Component Should render button without errors 1`] = `<button />`;
