// Jest Snapshot v1, https://goo.gl/fbAQLP

exports[`Input Component Should render without errors 1`] = `
<input
  required={true}
/>
`;
